[technext.github.io/logistics/index.html]
[backblue.gif]
[fade.gif]
[index.html]
[technext.github.io/logistics/fonts/icomoon/style.css]
[technext.github.io/logistics/css/bootstrap.min.css]
[technext.github.io/logistics/css/magnific-popup.css]
[technext.github.io/logistics/css/jquery-ui.css]
[technext.github.io/logistics/css/owl.carousel.min.css]
[technext.github.io/logistics/css/owl.theme.default.min.css]
[technext.github.io/logistics/css/bootstrap-datepicker.css]
[technext.github.io/logistics/fonts/flaticon/font/flaticon.css]
[technext.github.io/logistics/css/aos.css]
[technext.github.io/logistics/css/style.css]
[technext.github.io/logistics/about.html]
[technext.github.io/logistics/services.html]
[technext.github.io/logistics/industries.html]
[technext.github.io/logistics/blog.html]
[technext.github.io/logistics/contact.html]
[technext.github.io/logistics/images/hero_bg_1.jpg]
[technext.github.io/logistics/images/img_1.jpg]
[technext.github.io/logistics/images/img_2.jpg]
[technext.github.io/logistics/images/img_3.jpg]
[technext.github.io/logistics/images/img_4.jpg]
[technext.github.io/logistics/images/img_5.jpg]
[technext.github.io/logistics/images/hero_bg_2.jpg]
[technext.github.io/logistics/images/person_3.jpg]
[technext.github.io/logistics/images/person_2.jpg]
[technext.github.io/logistics/images/person_4.jpg]
[technext.github.io/logistics/images/person_5.jpg]
[technext.github.io/logistics/images/blog_1.jpg]
[technext.github.io/logistics/images/blog_2.jpg]
[technext.github.io/logistics/booking.html]
[technext.github.io/logistics/js/jquery-3.3.1.min.js]
[technext.github.io/logistics/js/jquery-migrate-3.0.1.min.js]
[technext.github.io/logistics/js/jquery-ui.js]
[technext.github.io/logistics/js/popper.min.js]
[technext.github.io/logistics/js/bootstrap.min.js]
[technext.github.io/logistics/js/owl.carousel.min.js]
[technext.github.io/logistics/js/jquery.stellar.min.js]
[technext.github.io/logistics/js/jquery.countdown.min.js]
[technext.github.io/logistics/js/jquery.magnific-popup.min.js]
[technext.github.io/logistics/js/bootstrap-datepicker.min.js]
[technext.github.io/logistics/js/aos.js]
[technext.github.io/logistics/js/main.js]
[technext.github.io/logistics/index.html]
[technext.github.io/logistics/fonts/icomoon/fonts/icomoon1a44.eot]
[technext.github.io/logistics/fonts/icomoon/fonts/icomoon1a44.ttf]
[technext.github.io/logistics/fonts/icomoon/fonts/icomoon1a44.woff]
[technext.github.io/logistics/fonts/icomoon/style.css]
[technext.github.io/logistics/css/bootstrap.min.css]
[technext.github.io/logistics/css/magnific-popup.css]
[technext.github.io/logistics/fonts/icomoon/fonts/icomoon1a44.svg]
[technext.github.io/logistics/css/images/ui-bg_gloss-wave_55_5c9ccc_500x100.png]
[technext.github.io/logistics/css/images/ui-bg_glass_85_dfeffc_1x400.png]
[technext.github.io/logistics/css/images/ui-bg_glass_75_d0e5f5_1x400.png]
[technext.github.io/logistics/css/images/ui-bg_inset-hard_100_f5f8f9_1x100.png]
[technext.github.io/logistics/css/images/ui-bg_glass_95_fef1ec_1x400.png]
[technext.github.io/logistics/css/images/ui-icons_469bdd_256x240.png]
[technext.github.io/logistics/css/images/ui-icons_d8e7f3_256x240.png]
[technext.github.io/logistics/css/images/ui-icons_6da8d5_256x240.png]
[technext.github.io/logistics/css/images/ui-icons_217bc0_256x240.png]
[technext.github.io/logistics/css/images/ui-icons_f9bd01_256x240.png]
[technext.github.io/logistics/css/images/ui-icons_2e83ff_256x240.png]
[technext.github.io/logistics/css/images/ui-icons_cd0a0a_256x240.png]
[technext.github.io/logistics/css/jquery-ui.css]
[technext.github.io/logistics/css/owl.video.play.png]
[technext.github.io/logistics/css/owl.carousel.min.css]
[technext.github.io/logistics/css/owl.theme.default.min.css]
[technext.github.io/logistics/css/bootstrap-datepicker.css]
[technext.github.io/logistics/fonts/flaticon/font/Flaticon.eot]
[technext.github.io/logistics/fonts/flaticon/font/Flaticond41d.eot]
[technext.github.io/logistics/fonts/flaticon/font/Flaticon.woff2]
[technext.github.io/logistics/fonts/flaticon/font/Flaticon.woff]
[technext.github.io/logistics/fonts/flaticon/font/Flaticon.ttf]
[technext.github.io/logistics/fonts/flaticon/font/Flaticon.svg]
[technext.github.io/logistics/fonts/flaticon/font/flaticon.css]
[technext.github.io/logistics/css/aos.css]
[technext.github.io/logistics/css/style.css]
[technext.github.io/logistics/images/hero_bg_4.jpg]
[technext.github.io/logistics/about.html]
[technext.github.io/logistics/services.html]
[technext.github.io/logistics/industries.html]
[technext.github.io/logistics/blog.html]
[technext.github.io/logistics/contact.html]
[technext.github.io/logistics/booking.html]
[technext.github.io/logistics/fonts/icomoon/fonts/icomoon1a44.svg]
[technext.github.io/logistics/css/images/ui-bg_gloss-wave_55_5c9ccc_500x100.html]
[technext.github.io/logistics/css/images/ui-bg_glass_85_dfeffc_1x400.html]
[technext.github.io/logistics/css/images/ui-bg_glass_75_d0e5f5_1x400.html]
[technext.github.io/logistics/css/images/ui-bg_inset-hard_100_f5f8f9_1x100.html]
[technext.github.io/logistics/css/images/ui-bg_glass_95_fef1ec_1x400.html]
[technext.github.io/logistics/css/images/ui-icons_469bdd_256x240.html]
[technext.github.io/logistics/css/images/ui-icons_d8e7f3_256x240.html]
[technext.github.io/logistics/css/images/ui-icons_6da8d5_256x240.html]
[technext.github.io/logistics/css/images/ui-icons_217bc0_256x240.html]
[technext.github.io/logistics/css/images/ui-icons_f9bd01_256x240.html]
[technext.github.io/logistics/css/images/ui-icons_2e83ff_256x240.html]
[technext.github.io/logistics/css/images/ui-icons_cd0a0a_256x240.html]
[technext.github.io/logistics/css/owl.video.play.html]
[technext.github.io/logistics/fonts/flaticon/font/Flaticon.svg]
